MPLINK 4.46, Linker
Linker Map File - Created Fri May 24 13:54:57 2013

                                 Section Info
                  Section       Type    Address   Location Size(Bytes)
                ---------  ---------  ---------  ---------  ---------
                   .org_0       code   0x000000    program   0x000000
                   .org_1       code   0x000000    program   0x000002
                   .org_2       code   0x000004    program   0x000078
.config_8007_MAP_ON_OFF.O       code   0x008007    program   0x000002
.config_8008_MAP_ON_OFF.O       code   0x008008    program   0x000002



                              Program Memory Usage 
                               Start         End      
                           ---------   ---------      
                            0x000000    0x000000      
                            0x000004    0x00003f      
                            0x008007    0x008008      
            63 out of 4359 program addresses used, program memory utilization is 1%



                              Symbols - Sorted by Name
                     Name    Address   Location    Storage File                     
                ---------  ---------  ---------  --------- ---------                
              APAGO_MOTOR   0x000030    program     static C:\Microcontrollers\Cursos\PIC Básico - PIC16F1827\Programacion\Clase 3\P11-MAP-ON_OFF\MAP_on_off.asm
                   INICIO   0x000005    program     static C:\Microcontrollers\Cursos\PIC Básico - PIC16F1827\Programacion\Clase 3\P11-MAP-ON_OFF\MAP_on_off.asm
                     OTRA   0x000037    program     static C:\Microcontrollers\Cursos\PIC Básico - PIC16F1827\Programacion\Clase 3\P11-MAP-ON_OFF\MAP_on_off.asm
                    OTRA1   0x000035    program     static C:\Microcontrollers\Cursos\PIC Básico - PIC16F1827\Programacion\Clase 3\P11-MAP-ON_OFF\MAP_on_off.asm
                 PROGRAMA   0x000017    program     static C:\Microcontrollers\Cursos\PIC Básico - PIC16F1827\Programacion\Clase 3\P11-MAP-ON_OFF\MAP_on_off.asm
             RETARDO_15MS   0x000033    program     static C:\Microcontrollers\Cursos\PIC Básico - PIC16F1827\Programacion\Clase 3\P11-MAP-ON_OFF\MAP_on_off.asm
                SECUENCIA   0x00001b    program     static C:\Microcontrollers\Cursos\PIC Básico - PIC16F1827\Programacion\Clase 3\P11-MAP-ON_OFF\MAP_on_off.asm



                              Symbols - Sorted by Address
                     Name    Address   Location    Storage File                     
                ---------  ---------  ---------  --------- ---------                
                   INICIO   0x000005    program     static C:\Microcontrollers\Cursos\PIC Básico - PIC16F1827\Programacion\Clase 3\P11-MAP-ON_OFF\MAP_on_off.asm
                 PROGRAMA   0x000017    program     static C:\Microcontrollers\Cursos\PIC Básico - PIC16F1827\Programacion\Clase 3\P11-MAP-ON_OFF\MAP_on_off.asm
                SECUENCIA   0x00001b    program     static C:\Microcontrollers\Cursos\PIC Básico - PIC16F1827\Programacion\Clase 3\P11-MAP-ON_OFF\MAP_on_off.asm
              APAGO_MOTOR   0x000030    program     static C:\Microcontrollers\Cursos\PIC Básico - PIC16F1827\Programacion\Clase 3\P11-MAP-ON_OFF\MAP_on_off.asm
             RETARDO_15MS   0x000033    program     static C:\Microcontrollers\Cursos\PIC Básico - PIC16F1827\Programacion\Clase 3\P11-MAP-ON_OFF\MAP_on_off.asm
                    OTRA1   0x000035    program     static C:\Microcontrollers\Cursos\PIC Básico - PIC16F1827\Programacion\Clase 3\P11-MAP-ON_OFF\MAP_on_off.asm
                     OTRA   0x000037    program     static C:\Microcontrollers\Cursos\PIC Básico - PIC16F1827\Programacion\Clase 3\P11-MAP-ON_OFF\MAP_on_off.asm


