MPLINK 4.46, Linker
Linker Map File - Created Sat Jul 06 16:08:37 2013

                                 Section Info
                  Section       Type    Address   Location Size(Bytes)
                ---------  ---------  ---------  ---------  ---------
                   .org_0       code   0x000000    program   0x000000
                   .org_1       code   0x000000    program   0x000002
                   .org_2       code   0x000004    program   0x000034
  .config_8007_BOTON ON.O       code   0x008007    program   0x000002
  .config_8008_BOTON ON.O       code   0x008008    program   0x000002



                              Program Memory Usage 
                               Start         End      
                           ---------   ---------      
                            0x000000    0x000000      
                            0x000004    0x00001d      
                            0x008007    0x008008      
            29 out of 4359 program addresses used, program memory utilization is 0%



                              Symbols - Sorted by Name
                     Name    Address   Location    Storage File                     
                ---------  ---------  ---------  --------- ---------                
                   INICIO   0x000005    program     static C:\Microcontrollers\Cursos\PIC Básico - PIC16F1827\Programacion\Clase 2 - Configuracion de Puertos\P7-BOTON PRENDE LED\Boton ON.asm
               PRENDE_LED   0x00001a    program     static C:\Microcontrollers\Cursos\PIC Básico - PIC16F1827\Programacion\Clase 2 - Configuracion de Puertos\P7-BOTON PRENDE LED\Boton ON.asm
                 PROGRAMA   0x000016    program     static C:\Microcontrollers\Cursos\PIC Básico - PIC16F1827\Programacion\Clase 2 - Configuracion de Puertos\P7-BOTON PRENDE LED\Boton ON.asm



                              Symbols - Sorted by Address
                     Name    Address   Location    Storage File                     
                ---------  ---------  ---------  --------- ---------                
                   INICIO   0x000005    program     static C:\Microcontrollers\Cursos\PIC Básico - PIC16F1827\Programacion\Clase 2 - Configuracion de Puertos\P7-BOTON PRENDE LED\Boton ON.asm
                 PROGRAMA   0x000016    program     static C:\Microcontrollers\Cursos\PIC Básico - PIC16F1827\Programacion\Clase 2 - Configuracion de Puertos\P7-BOTON PRENDE LED\Boton ON.asm
               PRENDE_LED   0x00001a    program     static C:\Microcontrollers\Cursos\PIC Básico - PIC16F1827\Programacion\Clase 2 - Configuracion de Puertos\P7-BOTON PRENDE LED\Boton ON.asm


