MPLINK 4.46, Linker
Linker Map File - Created Fri May 31 14:53:13 2013

                                 Section Info
                  Section       Type    Address   Location Size(Bytes)
                ---------  ---------  ---------  ---------  ---------
                   .org_0       code   0x000000    program   0x000000
                   .org_1       code   0x000000    program   0x000002
                   .org_2       code   0x000004    program   0x000060
.config_8007_MOTORCD_ON-OFF.O       code   0x008007    program   0x000002
.config_8008_MOTORCD_ON-OFF.O       code   0x008008    program   0x000002



                              Program Memory Usage 
                               Start         End      
                           ---------   ---------      
                            0x000000    0x000000      
                            0x000004    0x000033      
                            0x008007    0x008008      
            51 out of 4359 program addresses used, program memory utilization is 1%



                              Symbols - Sorted by Name
                     Name    Address   Location    Storage File                     
                ---------  ---------  ---------  --------- ---------                
                 ARRANQUE   0x00001e    program     static C:\Microcontrollers\Cursos\PIC Básico - PIC16F1827\Programacion\Clase 4\P14-MotorCD_On_Off\MotorCD_On-Off.asm
            CONFIGURACION   0x000005    program     static C:\Microcontrollers\Cursos\PIC Básico - PIC16F1827\Programacion\Clase 4\P14-MotorCD_On_Off\MotorCD_On-Off.asm
                   INICIO   0x000019    program     static C:\Microcontrollers\Cursos\PIC Básico - PIC16F1827\Programacion\Clase 4\P14-MotorCD_On_Off\MotorCD_On-Off.asm
                   OTRA0M   0x00002b    program     static C:\Microcontrollers\Cursos\PIC Básico - PIC16F1827\Programacion\Clase 4\P14-MotorCD_On_Off\MotorCD_On-Off.asm
                   OTRA1M   0x000029    program     static C:\Microcontrollers\Cursos\PIC Básico - PIC16F1827\Programacion\Clase 4\P14-MotorCD_On_Off\MotorCD_On-Off.asm
                     PARO   0x000020    program     static C:\Microcontrollers\Cursos\PIC Básico - PIC16F1827\Programacion\Clase 4\P14-MotorCD_On_Off\MotorCD_On-Off.asm
              RETARDO_5mS   0x000027    program     static C:\Microcontrollers\Cursos\PIC Básico - PIC16F1827\Programacion\Clase 4\P14-MotorCD_On_Off\MotorCD_On-Off.asm



                              Symbols - Sorted by Address
                     Name    Address   Location    Storage File                     
                ---------  ---------  ---------  --------- ---------                
            CONFIGURACION   0x000005    program     static C:\Microcontrollers\Cursos\PIC Básico - PIC16F1827\Programacion\Clase 4\P14-MotorCD_On_Off\MotorCD_On-Off.asm
                   INICIO   0x000019    program     static C:\Microcontrollers\Cursos\PIC Básico - PIC16F1827\Programacion\Clase 4\P14-MotorCD_On_Off\MotorCD_On-Off.asm
                 ARRANQUE   0x00001e    program     static C:\Microcontrollers\Cursos\PIC Básico - PIC16F1827\Programacion\Clase 4\P14-MotorCD_On_Off\MotorCD_On-Off.asm
                     PARO   0x000020    program     static C:\Microcontrollers\Cursos\PIC Básico - PIC16F1827\Programacion\Clase 4\P14-MotorCD_On_Off\MotorCD_On-Off.asm
              RETARDO_5mS   0x000027    program     static C:\Microcontrollers\Cursos\PIC Básico - PIC16F1827\Programacion\Clase 4\P14-MotorCD_On_Off\MotorCD_On-Off.asm
                   OTRA1M   0x000029    program     static C:\Microcontrollers\Cursos\PIC Básico - PIC16F1827\Programacion\Clase 4\P14-MotorCD_On_Off\MotorCD_On-Off.asm
                   OTRA0M   0x00002b    program     static C:\Microcontrollers\Cursos\PIC Básico - PIC16F1827\Programacion\Clase 4\P14-MotorCD_On_Off\MotorCD_On-Off.asm


