MPLINK 4.46, Linker
Linker Map File - Created Wed Jul 03 09:39:37 2013

                                 Section Info
                  Section       Type    Address   Location Size(Bytes)
                ---------  ---------  ---------  ---------  ---------
                   .org_0       code   0x000000    program   0x000000
                   .org_1       code   0x000000    program   0x000002
                   .org_2       code   0x000004    program   0x000078
.config_8007_SECUENCIA SEMAFORO.O       code   0x008007    program   0x000002
.config_8008_SECUENCIA SEMAFORO.O       code   0x008008    program   0x000002



                              Program Memory Usage 
                               Start         End      
                           ---------   ---------      
                            0x000000    0x000000      
                            0x000004    0x00003f      
                            0x008007    0x008008      
            63 out of 4359 program addresses used, program memory utilization is 1%



                              Symbols - Sorted by Name
                     Name    Address   Location    Storage File                     
                ---------  ---------  ---------  --------- ---------                
                   INICIO   0x000005    program     static C:\Microcontrollers\Cursos\PIC Básico - PIC16F1827\Programacion\Clase 2 - Configuracion de Puertos\P6-1-SEMAFORO\Secuencia Semaforo.asm
                    OTRA1   0x000035    program     static C:\Microcontrollers\Cursos\PIC Básico - PIC16F1827\Programacion\Clase 2 - Configuracion de Puertos\P6-1-SEMAFORO\Secuencia Semaforo.asm
                    OTRAR   0x000037    program     static C:\Microcontrollers\Cursos\PIC Básico - PIC16F1827\Programacion\Clase 2 - Configuracion de Puertos\P6-1-SEMAFORO\Secuencia Semaforo.asm
                 PROGRAMA   0x000015    program     static C:\Microcontrollers\Cursos\PIC Básico - PIC16F1827\Programacion\Clase 2 - Configuracion de Puertos\P6-1-SEMAFORO\Secuencia Semaforo.asm
                  RETARDO   0x000033    program     static C:\Microcontrollers\Cursos\PIC Básico - PIC16F1827\Programacion\Clase 2 - Configuracion de Puertos\P6-1-SEMAFORO\Secuencia Semaforo.asm



                              Symbols - Sorted by Address
                     Name    Address   Location    Storage File                     
                ---------  ---------  ---------  --------- ---------                
                   INICIO   0x000005    program     static C:\Microcontrollers\Cursos\PIC Básico - PIC16F1827\Programacion\Clase 2 - Configuracion de Puertos\P6-1-SEMAFORO\Secuencia Semaforo.asm
                 PROGRAMA   0x000015    program     static C:\Microcontrollers\Cursos\PIC Básico - PIC16F1827\Programacion\Clase 2 - Configuracion de Puertos\P6-1-SEMAFORO\Secuencia Semaforo.asm
                  RETARDO   0x000033    program     static C:\Microcontrollers\Cursos\PIC Básico - PIC16F1827\Programacion\Clase 2 - Configuracion de Puertos\P6-1-SEMAFORO\Secuencia Semaforo.asm
                    OTRA1   0x000035    program     static C:\Microcontrollers\Cursos\PIC Básico - PIC16F1827\Programacion\Clase 2 - Configuracion de Puertos\P6-1-SEMAFORO\Secuencia Semaforo.asm
                    OTRAR   0x000037    program     static C:\Microcontrollers\Cursos\PIC Básico - PIC16F1827\Programacion\Clase 2 - Configuracion de Puertos\P6-1-SEMAFORO\Secuencia Semaforo.asm


