MPLINK 4.46, Linker
Linker Map File - Created Sat Jun 15 02:05:30 2013

                                 Section Info
                  Section       Type    Address   Location Size(Bytes)
                ---------  ---------  ---------  ---------  ---------
                   .org_0       code   0x000000    program   0x000000
                   .org_1       code   0x000000    program   0x000002
                   .org_2       code   0x000004    program   0x000058
      .config_8007_ECHO.O       code   0x008007    program   0x000002
      .config_8008_ECHO.O       code   0x008008    program   0x000002



                              Program Memory Usage 
                               Start         End      
                           ---------   ---------      
                            0x000000    0x000000      
                            0x000004    0x00002f      
                            0x008007    0x008008      
            47 out of 4359 program addresses used, program memory utilization is 1%



                              Symbols - Sorted by Name
                     Name    Address   Location    Storage File                     
                ---------  ---------  ---------  --------- ---------                
                   INICIO   0x000008    program     static C:\Microcontrollers\Cursos\PIC Básico - PIC16F1827\Programacion\Clase 6 - Comunicacion Serial\P21-UART_Envia_Recibe\Echo.asm
                    START   0x00001a    program     static C:\Microcontrollers\Cursos\PIC Básico - PIC16F1827\Programacion\Clase 6 - Comunicacion Serial\P21-UART_Envia_Recibe\Echo.asm
                 UART_INI   0x00001c    program     static C:\Microcontrollers\Cursos\PIC Básico - PIC16F1827\Programacion\Clase 6 - Comunicacion Serial\P21-UART_Envia_Recibe\Echo.asm



                              Symbols - Sorted by Address
                     Name    Address   Location    Storage File                     
                ---------  ---------  ---------  --------- ---------                
                   INICIO   0x000008    program     static C:\Microcontrollers\Cursos\PIC Básico - PIC16F1827\Programacion\Clase 6 - Comunicacion Serial\P21-UART_Envia_Recibe\Echo.asm
                    START   0x00001a    program     static C:\Microcontrollers\Cursos\PIC Básico - PIC16F1827\Programacion\Clase 6 - Comunicacion Serial\P21-UART_Envia_Recibe\Echo.asm
                 UART_INI   0x00001c    program     static C:\Microcontrollers\Cursos\PIC Básico - PIC16F1827\Programacion\Clase 6 - Comunicacion Serial\P21-UART_Envia_Recibe\Echo.asm


