MPLINK 4.46, Linker
Linker Map File - Created Sat Jun 08 12:41:54 2013

                                 Section Info
                  Section       Type    Address   Location Size(Bytes)
                ---------  ---------  ---------  ---------  ---------
                   .org_0       code   0x000000    program   0x000000
                   .org_1       code   0x000000    program   0x000002
                   .org_2       code   0x000004    program   0x0000f8
.config_8007_LCD8B_ROTAMENSAJE.O       code   0x008007    program   0x000002
.config_8008_LCD8B_ROTAMENSAJE.O       code   0x008008    program   0x000002



                              Program Memory Usage 
                               Start         End      
                           ---------   ---------      
                            0x000000    0x000000      
                            0x000004    0x00007f      
                            0x008007    0x008008      
            127 out of 4359 program addresses used, program memory utilization is 2%



                              Symbols - Sorted by Name
                     Name    Address   Location    Storage File                     
                ---------  ---------  ---------  --------- ---------                
                      CMD   0x00005f    program     static C:\Microcontrollers\Cursos\PIC Básico - PIC16F1827\Programacion\Clase 5 - LCD 8 Bits\LCD8B_RotaMensaje.asm
                     DATO   0x000055    program     static C:\Microcontrollers\Cursos\PIC Básico - PIC16F1827\Programacion\Clase 5 - LCD 8 Bits\LCD8B_RotaMensaje.asm
                   INICIO   0x000005    program     static C:\Microcontrollers\Cursos\PIC Básico - PIC16F1827\Programacion\Clase 5 - LCD 8 Bits\LCD8B_RotaMensaje.asm
                  INITLCD   0x00003f    program     static C:\Microcontrollers\Cursos\PIC Básico - PIC16F1827\Programacion\Clase 5 - LCD 8 Bits\LCD8B_RotaMensaje.asm
                  MENSAJE   0x000024    program     static C:\Microcontrollers\Cursos\PIC Básico - PIC16F1827\Programacion\Clase 5 - LCD 8 Bits\LCD8B_RotaMensaje.asm
                    OTRA1   0x000068    program     static C:\Microcontrollers\Cursos\PIC Básico - PIC16F1827\Programacion\Clase 5 - LCD 8 Bits\LCD8B_RotaMensaje.asm
                   OTRA15   0x000077    program     static C:\Microcontrollers\Cursos\PIC Básico - PIC16F1827\Programacion\Clase 5 - LCD 8 Bits\LCD8B_RotaMensaje.asm
                   OTRA25   0x000075    program     static C:\Microcontrollers\Cursos\PIC Básico - PIC16F1827\Programacion\Clase 5 - LCD 8 Bits\LCD8B_RotaMensaje.asm
                    OTRA5   0x000079    program     static C:\Microcontrollers\Cursos\PIC Básico - PIC16F1827\Programacion\Clase 5 - LCD 8 Bits\LCD8B_RotaMensaje.asm
                    OTRAR   0x00006a    program     static C:\Microcontrollers\Cursos\PIC Básico - PIC16F1827\Programacion\Clase 5 - LCD 8 Bits\LCD8B_RotaMensaje.asm
                 PROGRAMA   0x000017    program     static C:\Microcontrollers\Cursos\PIC Básico - PIC16F1827\Programacion\Clase 5 - LCD 8 Bits\LCD8B_RotaMensaje.asm
               RETARDO5MS   0x000073    program     static C:\Microcontrollers\Cursos\PIC Básico - PIC16F1827\Programacion\Clase 5 - LCD 8 Bits\LCD8B_RotaMensaje.asm
             RETARDO_1SEG   0x000066    program     static C:\Microcontrollers\Cursos\PIC Básico - PIC16F1827\Programacion\Clase 5 - LCD 8 Bits\LCD8B_RotaMensaje.asm
                   VUELTA   0x00001c    program     static C:\Microcontrollers\Cursos\PIC Básico - PIC16F1827\Programacion\Clase 5 - LCD 8 Bits\LCD8B_RotaMensaje.asm



                              Symbols - Sorted by Address
                     Name    Address   Location    Storage File                     
                ---------  ---------  ---------  --------- ---------                
                   INICIO   0x000005    program     static C:\Microcontrollers\Cursos\PIC Básico - PIC16F1827\Programacion\Clase 5 - LCD 8 Bits\LCD8B_RotaMensaje.asm
                 PROGRAMA   0x000017    program     static C:\Microcontrollers\Cursos\PIC Básico - PIC16F1827\Programacion\Clase 5 - LCD 8 Bits\LCD8B_RotaMensaje.asm
                   VUELTA   0x00001c    program     static C:\Microcontrollers\Cursos\PIC Básico - PIC16F1827\Programacion\Clase 5 - LCD 8 Bits\LCD8B_RotaMensaje.asm
                  MENSAJE   0x000024    program     static C:\Microcontrollers\Cursos\PIC Básico - PIC16F1827\Programacion\Clase 5 - LCD 8 Bits\LCD8B_RotaMensaje.asm
                  INITLCD   0x00003f    program     static C:\Microcontrollers\Cursos\PIC Básico - PIC16F1827\Programacion\Clase 5 - LCD 8 Bits\LCD8B_RotaMensaje.asm
                     DATO   0x000055    program     static C:\Microcontrollers\Cursos\PIC Básico - PIC16F1827\Programacion\Clase 5 - LCD 8 Bits\LCD8B_RotaMensaje.asm
                      CMD   0x00005f    program     static C:\Microcontrollers\Cursos\PIC Básico - PIC16F1827\Programacion\Clase 5 - LCD 8 Bits\LCD8B_RotaMensaje.asm
             RETARDO_1SEG   0x000066    program     static C:\Microcontrollers\Cursos\PIC Básico - PIC16F1827\Programacion\Clase 5 - LCD 8 Bits\LCD8B_RotaMensaje.asm
                    OTRA1   0x000068    program     static C:\Microcontrollers\Cursos\PIC Básico - PIC16F1827\Programacion\Clase 5 - LCD 8 Bits\LCD8B_RotaMensaje.asm
                    OTRAR   0x00006a    program     static C:\Microcontrollers\Cursos\PIC Básico - PIC16F1827\Programacion\Clase 5 - LCD 8 Bits\LCD8B_RotaMensaje.asm
               RETARDO5MS   0x000073    program     static C:\Microcontrollers\Cursos\PIC Básico - PIC16F1827\Programacion\Clase 5 - LCD 8 Bits\LCD8B_RotaMensaje.asm
                   OTRA25   0x000075    program     static C:\Microcontrollers\Cursos\PIC Básico - PIC16F1827\Programacion\Clase 5 - LCD 8 Bits\LCD8B_RotaMensaje.asm
                   OTRA15   0x000077    program     static C:\Microcontrollers\Cursos\PIC Básico - PIC16F1827\Programacion\Clase 5 - LCD 8 Bits\LCD8B_RotaMensaje.asm
                    OTRA5   0x000079    program     static C:\Microcontrollers\Cursos\PIC Básico - PIC16F1827\Programacion\Clase 5 - LCD 8 Bits\LCD8B_RotaMensaje.asm


