MPLINK 4.46, Linker
Linker Map File - Created Sat May 04 01:05:08 2013

                                 Section Info
                  Section       Type    Address   Location Size(Bytes)
                ---------  ---------  ---------  ---------  ---------
                   .org_0       code   0x000000    program   0x000000
                   .org_1       code   0x000000    program   0x000002
                   .org_2       code   0x000004    program   0x000046
.config_8007_CORRIMIENTO RRF.O       code   0x008007    program   0x000002
.config_8008_CORRIMIENTO RRF.O       code   0x008008    program   0x000002



                              Program Memory Usage 
                               Start         End      
                           ---------   ---------      
                            0x000000    0x000000      
                            0x000004    0x000026      
                            0x008007    0x008008      
            38 out of 4359 program addresses used, program memory utilization is 0%



                              Symbols - Sorted by Name
                     Name    Address   Location    Storage File                     
                ---------  ---------  ---------  --------- ---------                
                   INICIO   0x000005    program     static C:\Microcontrollers\Cursos\PIC Básico - PIC16F1827\Programacion\Clase 1\P6-CORRIMIENTO DE LEDS\Corrimiento RRF.asm
                    OTRA1   0x00001c    program     static C:\Microcontrollers\Cursos\PIC Básico - PIC16F1827\Programacion\Clase 1\P6-CORRIMIENTO DE LEDS\Corrimiento RRF.asm
                    OTRAR   0x00001e    program     static C:\Microcontrollers\Cursos\PIC Básico - PIC16F1827\Programacion\Clase 1\P6-CORRIMIENTO DE LEDS\Corrimiento RRF.asm
                 PROGRAMA   0x000016    program     static C:\Microcontrollers\Cursos\PIC Básico - PIC16F1827\Programacion\Clase 1\P6-CORRIMIENTO DE LEDS\Corrimiento RRF.asm
               RETARDO_1S   0x00001a    program     static C:\Microcontrollers\Cursos\PIC Básico - PIC16F1827\Programacion\Clase 1\P6-CORRIMIENTO DE LEDS\Corrimiento RRF.asm



                              Symbols - Sorted by Address
                     Name    Address   Location    Storage File                     
                ---------  ---------  ---------  --------- ---------                
                   INICIO   0x000005    program     static C:\Microcontrollers\Cursos\PIC Básico - PIC16F1827\Programacion\Clase 1\P6-CORRIMIENTO DE LEDS\Corrimiento RRF.asm
                 PROGRAMA   0x000016    program     static C:\Microcontrollers\Cursos\PIC Básico - PIC16F1827\Programacion\Clase 1\P6-CORRIMIENTO DE LEDS\Corrimiento RRF.asm
               RETARDO_1S   0x00001a    program     static C:\Microcontrollers\Cursos\PIC Básico - PIC16F1827\Programacion\Clase 1\P6-CORRIMIENTO DE LEDS\Corrimiento RRF.asm
                    OTRA1   0x00001c    program     static C:\Microcontrollers\Cursos\PIC Básico - PIC16F1827\Programacion\Clase 1\P6-CORRIMIENTO DE LEDS\Corrimiento RRF.asm
                    OTRAR   0x00001e    program     static C:\Microcontrollers\Cursos\PIC Básico - PIC16F1827\Programacion\Clase 1\P6-CORRIMIENTO DE LEDS\Corrimiento RRF.asm


