MPLINK 4.46, Linker
Linker Map File - Created Sat Sep 28 03:14:23 2013

                                 Section Info
                  Section       Type    Address   Location Size(Bytes)
                ---------  ---------  ---------  ---------  ---------
                   .org_0       code   0x000000    program   0x000000
                   .org_1       code   0x000000    program   0x000002
                   .org_2       code   0x000004    program   0x000076
.config_8007_7SEG_CATODO_TABLAS.O       code   0x008007    program   0x000002
.config_8008_7SEG_CATODO_TABLAS.O       code   0x008008    program   0x000002



                              Program Memory Usage 
                               Start         End      
                           ---------   ---------      
                            0x000000    0x000000      
                            0x000004    0x00003e      
                            0x008007    0x008008      
            62 out of 4359 program addresses used, program memory utilization is 1%



                              Symbols - Sorted by Name
                     Name    Address   Location    Storage File                     
                ---------  ---------  ---------  --------- ---------                
                 CONTINUA   0x000016    program     static C:\Microcontrollers\Cursos PIC\PIC Básico - PIC16F1827\Programacion\Clase 3 - Display de 7 Segmentos\P9-DISP7SEG-TABLAS\7Seg_Catodo_Tablas.asm
                   INICIO   0x000005    program     static C:\Microcontrollers\Cursos PIC\PIC Básico - PIC16F1827\Programacion\Clase 3 - Display de 7 Segmentos\P9-DISP7SEG-TABLAS\7Seg_Catodo_Tablas.asm
                    OTRA1   0x000034    program     static C:\Microcontrollers\Cursos PIC\PIC Básico - PIC16F1827\Programacion\Clase 3 - Display de 7 Segmentos\P9-DISP7SEG-TABLAS\7Seg_Catodo_Tablas.asm
                    OTRAR   0x000036    program     static C:\Microcontrollers\Cursos PIC\PIC Básico - PIC16F1827\Programacion\Clase 3 - Display de 7 Segmentos\P9-DISP7SEG-TABLAS\7Seg_Catodo_Tablas.asm
                 PROGRAMA   0x000015    program     static C:\Microcontrollers\Cursos PIC\PIC Básico - PIC16F1827\Programacion\Clase 3 - Display de 7 Segmentos\P9-DISP7SEG-TABLAS\7Seg_Catodo_Tablas.asm
               RETARDO_1S   0x000032    program     static C:\Microcontrollers\Cursos PIC\PIC Básico - PIC16F1827\Programacion\Clase 3 - Display de 7 Segmentos\P9-DISP7SEG-TABLAS\7Seg_Catodo_Tablas.asm
                    TABLA   0x000021    program     static C:\Microcontrollers\Cursos PIC\PIC Básico - PIC16F1827\Programacion\Clase 3 - Display de 7 Segmentos\P9-DISP7SEG-TABLAS\7Seg_Catodo_Tablas.asm



                              Symbols - Sorted by Address
                     Name    Address   Location    Storage File                     
                ---------  ---------  ---------  --------- ---------                
                   INICIO   0x000005    program     static C:\Microcontrollers\Cursos PIC\PIC Básico - PIC16F1827\Programacion\Clase 3 - Display de 7 Segmentos\P9-DISP7SEG-TABLAS\7Seg_Catodo_Tablas.asm
                 PROGRAMA   0x000015    program     static C:\Microcontrollers\Cursos PIC\PIC Básico - PIC16F1827\Programacion\Clase 3 - Display de 7 Segmentos\P9-DISP7SEG-TABLAS\7Seg_Catodo_Tablas.asm
                 CONTINUA   0x000016    program     static C:\Microcontrollers\Cursos PIC\PIC Básico - PIC16F1827\Programacion\Clase 3 - Display de 7 Segmentos\P9-DISP7SEG-TABLAS\7Seg_Catodo_Tablas.asm
                    TABLA   0x000021    program     static C:\Microcontrollers\Cursos PIC\PIC Básico - PIC16F1827\Programacion\Clase 3 - Display de 7 Segmentos\P9-DISP7SEG-TABLAS\7Seg_Catodo_Tablas.asm
               RETARDO_1S   0x000032    program     static C:\Microcontrollers\Cursos PIC\PIC Básico - PIC16F1827\Programacion\Clase 3 - Display de 7 Segmentos\P9-DISP7SEG-TABLAS\7Seg_Catodo_Tablas.asm
                    OTRA1   0x000034    program     static C:\Microcontrollers\Cursos PIC\PIC Básico - PIC16F1827\Programacion\Clase 3 - Display de 7 Segmentos\P9-DISP7SEG-TABLAS\7Seg_Catodo_Tablas.asm
                    OTRAR   0x000036    program     static C:\Microcontrollers\Cursos PIC\PIC Básico - PIC16F1827\Programacion\Clase 3 - Display de 7 Segmentos\P9-DISP7SEG-TABLAS\7Seg_Catodo_Tablas.asm


