MPLINK 4.46, Linker
Linker Map File - Created Sat Sep 14 11:58:26 2013

                                 Section Info
                  Section       Type    Address   Location Size(Bytes)
                ---------  ---------  ---------  ---------  ---------
                   .org_0       code   0x000000    program   0x000000
                   .org_1       code   0x000000    program   0x000002
                   .org_2       code   0x000004    program   0x000024
.config_8007_CONFIGURACION GENERAL.O       code   0x008007    program   0x000002
.config_8008_CONFIGURACION GENERAL.O       code   0x008008    program   0x000002



                              Program Memory Usage 
                               Start         End      
                           ---------   ---------      
                            0x000000    0x000000      
                            0x000004    0x000015      
                            0x008007    0x008008      
            21 out of 4359 program addresses used, program memory utilization is 0%



                              Symbols - Sorted by Name
                     Name    Address   Location    Storage File                     
                ---------  ---------  ---------  --------- ---------                
                   INICIO   0x000005    program     static C:\Microcontrollers\Cursos PIC\PIC Básico - PIC16F1827\Programacion\Clase 2 - Configuracion de Puertos\P2-CONFIGURACION GENERAL\Configuracion General.asm
                 PROGRAMA   0x000015    program     static C:\Microcontrollers\Cursos PIC\PIC Básico - PIC16F1827\Programacion\Clase 2 - Configuracion de Puertos\P2-CONFIGURACION GENERAL\Configuracion General.asm



                              Symbols - Sorted by Address
                     Name    Address   Location    Storage File                     
                ---------  ---------  ---------  --------- ---------                
                   INICIO   0x000005    program     static C:\Microcontrollers\Cursos PIC\PIC Básico - PIC16F1827\Programacion\Clase 2 - Configuracion de Puertos\P2-CONFIGURACION GENERAL\Configuracion General.asm
                 PROGRAMA   0x000015    program     static C:\Microcontrollers\Cursos PIC\PIC Básico - PIC16F1827\Programacion\Clase 2 - Configuracion de Puertos\P2-CONFIGURACION GENERAL\Configuracion General.asm


