MPLINK 4.46, Linker
Linker Map File - Created Sat Sep 21 11:10:10 2013

                                 Section Info
                  Section       Type    Address   Location Size(Bytes)
                ---------  ---------  ---------  ---------  ---------
                   .org_0       code   0x000000    program   0x000000
                   .org_1       code   0x000000    program   0x000002
                   .org_2       code   0x000004    program   0x000044
.config_8007_LED CON RETARDO.O       code   0x008007    program   0x000002
.config_8008_LED CON RETARDO.O       code   0x008008    program   0x000002



                              Program Memory Usage 
                               Start         End      
                           ---------   ---------      
                            0x000000    0x000000      
                            0x000004    0x000025      
                            0x008007    0x008008      
            37 out of 4359 program addresses used, program memory utilization is 0%



                              Symbols - Sorted by Name
                     Name    Address   Location    Storage File                     
                ---------  ---------  ---------  --------- ---------                
                   INICIO   0x000005    program     static C:\Microcontrollers\Cursos PIC\PIC Básico - PIC16F1827\Programacion\Clase 2 - Configuracion de Puertos\P5-LED RETARDO\Led con Retardo.asm
                    OTRA1   0x00001b    program     static C:\Microcontrollers\Cursos PIC\PIC Básico - PIC16F1827\Programacion\Clase 2 - Configuracion de Puertos\P5-LED RETARDO\Led con Retardo.asm
                    OTRAR   0x00001d    program     static C:\Microcontrollers\Cursos PIC\PIC Básico - PIC16F1827\Programacion\Clase 2 - Configuracion de Puertos\P5-LED RETARDO\Led con Retardo.asm
                 PROGRAMA   0x000014    program     static C:\Microcontrollers\Cursos PIC\PIC Básico - PIC16F1827\Programacion\Clase 2 - Configuracion de Puertos\P5-LED RETARDO\Led con Retardo.asm
               RETARDO_1S   0x000019    program     static C:\Microcontrollers\Cursos PIC\PIC Básico - PIC16F1827\Programacion\Clase 2 - Configuracion de Puertos\P5-LED RETARDO\Led con Retardo.asm



                              Symbols - Sorted by Address
                     Name    Address   Location    Storage File                     
                ---------  ---------  ---------  --------- ---------                
                   INICIO   0x000005    program     static C:\Microcontrollers\Cursos PIC\PIC Básico - PIC16F1827\Programacion\Clase 2 - Configuracion de Puertos\P5-LED RETARDO\Led con Retardo.asm
                 PROGRAMA   0x000014    program     static C:\Microcontrollers\Cursos PIC\PIC Básico - PIC16F1827\Programacion\Clase 2 - Configuracion de Puertos\P5-LED RETARDO\Led con Retardo.asm
               RETARDO_1S   0x000019    program     static C:\Microcontrollers\Cursos PIC\PIC Básico - PIC16F1827\Programacion\Clase 2 - Configuracion de Puertos\P5-LED RETARDO\Led con Retardo.asm
                    OTRA1   0x00001b    program     static C:\Microcontrollers\Cursos PIC\PIC Básico - PIC16F1827\Programacion\Clase 2 - Configuracion de Puertos\P5-LED RETARDO\Led con Retardo.asm
                    OTRAR   0x00001d    program     static C:\Microcontrollers\Cursos PIC\PIC Básico - PIC16F1827\Programacion\Clase 2 - Configuracion de Puertos\P5-LED RETARDO\Led con Retardo.asm


