MPLINK 4.46, Linker
Linker Map File - Created Wed Jul 03 10:49:40 2013

                                 Section Info
                  Section       Type    Address   Location Size(Bytes)
                ---------  ---------  ---------  ---------  ---------
                   .org_0       code   0x000000    program   0x000000
                   .org_1       code   0x000000    program   0x000002
                   .org_2       code   0x000004    program   0x00009e
.config_8007_7 SEGMENTOS - NORMAL.O       code   0x008007    program   0x000002
.config_8008_7 SEGMENTOS - NORMAL.O       code   0x008008    program   0x000002



                              Program Memory Usage 
                               Start         End      
                           ---------   ---------      
                            0x000000    0x000000      
                            0x000004    0x000052      
                            0x008007    0x008008      
            82 out of 4359 program addresses used, program memory utilization is 1%



                              Symbols - Sorted by Name
                     Name    Address   Location    Storage File                     
                ---------  ---------  ---------  --------- ---------                
                   INICIO   0x000005    program     static C:\Microcontrollers\Cursos\PIC Básico - PIC16F1827\Programacion\Clase 3 - Display de 7 Segmentos\P8-DISP7SEG-NORMAL\7 Segmentos - Normal.asm
                    OTRA1   0x000048    program     static C:\Microcontrollers\Cursos\PIC Básico - PIC16F1827\Programacion\Clase 3 - Display de 7 Segmentos\P8-DISP7SEG-NORMAL\7 Segmentos - Normal.asm
                    OTRAR   0x00004a    program     static C:\Microcontrollers\Cursos\PIC Básico - PIC16F1827\Programacion\Clase 3 - Display de 7 Segmentos\P8-DISP7SEG-NORMAL\7 Segmentos - Normal.asm
                 PROGRAMA   0x000015    program     static C:\Microcontrollers\Cursos\PIC Básico - PIC16F1827\Programacion\Clase 3 - Display de 7 Segmentos\P8-DISP7SEG-NORMAL\7 Segmentos - Normal.asm
               RETARDO_1S   0x000046    program     static C:\Microcontrollers\Cursos\PIC Básico - PIC16F1827\Programacion\Clase 3 - Display de 7 Segmentos\P8-DISP7SEG-NORMAL\7 Segmentos - Normal.asm



                              Symbols - Sorted by Address
                     Name    Address   Location    Storage File                     
                ---------  ---------  ---------  --------- ---------                
                   INICIO   0x000005    program     static C:\Microcontrollers\Cursos\PIC Básico - PIC16F1827\Programacion\Clase 3 - Display de 7 Segmentos\P8-DISP7SEG-NORMAL\7 Segmentos - Normal.asm
                 PROGRAMA   0x000015    program     static C:\Microcontrollers\Cursos\PIC Básico - PIC16F1827\Programacion\Clase 3 - Display de 7 Segmentos\P8-DISP7SEG-NORMAL\7 Segmentos - Normal.asm
               RETARDO_1S   0x000046    program     static C:\Microcontrollers\Cursos\PIC Básico - PIC16F1827\Programacion\Clase 3 - Display de 7 Segmentos\P8-DISP7SEG-NORMAL\7 Segmentos - Normal.asm
                    OTRA1   0x000048    program     static C:\Microcontrollers\Cursos\PIC Básico - PIC16F1827\Programacion\Clase 3 - Display de 7 Segmentos\P8-DISP7SEG-NORMAL\7 Segmentos - Normal.asm
                    OTRAR   0x00004a    program     static C:\Microcontrollers\Cursos\PIC Básico - PIC16F1827\Programacion\Clase 3 - Display de 7 Segmentos\P8-DISP7SEG-NORMAL\7 Segmentos - Normal.asm


